"battery_avg_temp-rfile"
"Time Step" "battery_avg_temp etc.."
("Time Step" "battery_avg_temp" "flow-time")
0 298.1499999999995 0
1 298.1903353516438 1
2 298.2266491714628 2
3 298.2596542537117 3
4 298.2899176760313 4
5 298.3172683253028 5
6 298.3427049716798 6
7 298.3665074046002 7
8 298.3889017930452 8
9 298.4100708754691 9
10 298.4301674583813 10
11 298.449318580785 11
12 298.4676349588053 12
13 298.485207775164 13
14 298.5021186522905 14
15 298.5184343893276 15
16 298.5342145602293 16
17 298.5495122033324 17
18 298.5643706530078 18
19 298.5788315013907 19
20 298.5929287744739 20
21 298.6066918552997 21
22 298.6201490642088 22
23 298.6333245718102 23
24 298.6462386468107 24
25 298.6589108242167 25
26 298.671357596832 26
27 298.6835941626045 27
28 298.6956342525709 28
29 298.7074901376879 29
30 298.7191730358414 30
31 298.7306927739015 31
32 298.7420583812221 32
33 298.7532783014532 33
34 298.764359972259 34
35 298.7753103244909 35
36 298.7861356255942 36
37 298.7968417053732 37
38 298.8074338256168 38
39 298.8179170000697 39
40 298.8282957908519 40
41 298.8385744133398 41
42 298.8487567740151 42
43 298.8588465480051 43
44 298.8688471831665 44
45 298.8787618088249 45
46 298.8885934205271 46
47 298.8983448126251 47
48 298.908018618313 48
49 298.9176173122372 49
50 298.9271432275432 50
51 298.9365985672579 51
52 298.9459854135665 52
53 298.9553057411687 53
54 298.9645614213296 54
55 298.9737542310244 55
56 298.9828858599301 56
57 298.9919579176996 57
58 299.0009719358738 58
59 299.0099293771009 59
60 299.0188316383289 60
61 299.0276800417645 61
62 299.0364758802721 62
63 299.0452203780321 63
64 299.0539147091219 64
65 299.0625599999883 65
66 299.0711573324251 66
67 299.0797077461692 67
68 299.0882122412667 68
69 299.0966717802925 69
70 299.1050872903789 70
71 299.1134596651192 71
72 299.1217897663248 72
73 299.1300784256549 73
74 299.138326446163 74
75 299.146534603687 75
76 299.1547036482095 76
77 299.1628343050825 77
78 299.1709272761971 78
79 299.1789832410746 79
80 299.1870028578903 80
81 299.1949867644335 81
82 299.2029355790085 82
83 299.2108499013037 83
84 299.2187303131722 84
85 299.2265773794014 85
86 299.2343916484281 86
87 299.2421736530081 87
88 299.2499239108597 88
89 299.2576429252737 89
90 299.2653311856706 90
91 299.2729891681626 91
92 299.2806173360574 92
93 299.2882161403503 93
94 299.2957860201935 94
95 299.3033274033368 95
96 299.3108407065384 96
97 299.3183263359893 97
98 299.3257846876626 98
99 299.3332161477123 99
100 299.340621092787 100
101 299.3479998903928 101
102 299.3553528991869 102
103 299.3626804692829 103
104 299.369982942554 104
105 299.3772606528898 105
106 299.3845139264732 106
107 299.3917430820333 107
108 299.3989484310775 108
109 299.4061302781417 109
110 299.4132889209886 110
111 299.4204246508452 111
112 299.4275377525842 112
113 299.4346285049459 113
114 299.4416971807045 114
115 299.4487440468658 115
116 299.4557693648247 116
117 299.462773390543 117
118 299.4697563747202 118
119 299.4767185629178 119
120 299.4836601957447 120
121 299.4905815089685 121
122 299.4974827336779 122
123 299.5043640964008 123
124 299.5112258192357 124
125 299.5180681199798 125
126 299.5248912122431 126
127 299.5316953055594 127
128 299.538480605508 128
129 299.5452473138151 129
130 299.5519956284479 130
131 299.5587257437298 131
132 299.5654378504267 132
133 299.572132135839 133
134 299.5788087838992 134
135 299.5854679752481 135
136 299.59210988733 136
137 299.5987346944596 137
138 299.605342567917 138
139 299.6119336760111 139
140 299.6185081841571 140
141 299.6250662549433 141
142 299.6316080482148 142
143 299.6381337211136 143
144 299.6446434281735 144
145 299.6511373213607 145
146 299.6576155501382 146
147 299.6640782615374 147
148 299.6705256001926 148
149 299.6769577084216 149
150 299.6833747262592 150
151 299.6897767915179 151
152 299.6961640398364 152
153 299.7025366047321 153
154 299.7088946176429 154
155 299.715238207976 155
156 299.7215675031533 156
157 299.7278826286542 157
158 299.7341837080558 158
159 299.7404708630832 159
160 299.7467442136327 160
161 299.7530038778263 161
162 299.7592499720407 162
163 299.7654826109493 163
164 299.7717019075511 164
165 299.7779079732164 165
166 299.7841009177039 166
167 299.7902808492128 167
168 299.7964478743991 168
169 299.8026020984175 169
170 299.8087436249382 170
171 299.814872556199 171
172 299.82098899301 172
173 299.8270930347989 173
174 299.8331847796221 174
175 299.8392643242108 175
176 299.8453317639812 176
177 299.8513871930681 177
178 299.8574307043422 178
179 299.8634623894437 179
180 299.8694823387997 180
181 299.8754906416482 181
182 299.881487386053 182
183 299.8874726589422 183
184 299.8934465461211 184
185 299.899409132281 185
186 299.9053605010391 186
187 299.9113007349436 187
188 299.9172299155029 188
189 299.9231481231994 189
190 299.929055437504 190
191 299.934951936905 191
192 299.9408376989139 192
193 299.9467128000921 193
194 299.9525773160591 194
195 299.9584313215132 195
196 299.9642748902542 196
197 299.9701080951835 197
198 299.9759310083341 198
199 299.9817437008725 199
200 299.9875462431278 200
201 299.9933387045947 201
202 299.9991211539506 202
203 300.0048936590685 203
204 300.0106562870378 204
205 300.0164091041633 205
206 300.022152175994 206
207 300.0278855673158 207
208 300.0336093421884 208
209 300.0393235639365 209
210 300.0450282951699 210
211 300.0507235977985 211
212 300.0564095330335 212
213 300.0620861614094 213
214 300.0677535427873 214
215 300.0734117363681 215
216 300.079060800703 216
217 300.0847007937023 217
218 300.090331772646 218
219 300.095953794199 219
220 300.101566914409 220
221 300.1071711887248 221
222 300.1127666720026 222
223 300.1183534185158 223
224 300.1239314819619 224
225 300.1295009154773 225
226 300.1350617716349 226
227 300.1406141024632 227
228 300.1461579594456 228
229 300.1516933935344 229
230 300.1572204551594 230
231 300.1627391942298 231
232 300.1682496601478 232
233 300.1737519018064 233
234 300.1792459676128 234
235 300.1847319054788 235
236 300.1902097628372 236
237 300.1956795866471 237
238 300.2011414233995 238
239 300.2065953191261 239
240 300.2120413194017 240
241 300.217479469354 241
242 300.2229098136672 242
243 300.2283323965925 243
244 300.2337472619504 244
245 300.2391544531354 245
246 300.2445540131312 246
247 300.2499459844948 247
248 300.2553304093926 248
249 300.2607073295827 249
250 300.2660767864243 250
251 300.2714388208893 251
252 300.276793473567 252
253 300.2821407846642 253
254 300.2874807940082 254
255 300.2928135410653 255
256 300.2981390649285 256
257 300.3034574043376 257
258 300.3087685976666 258
259 300.3140726829506 259
260 300.3193696978704 260
261 300.3246596797663 261
262 300.3299426656372 262
263 300.3352186921575 263
264 300.3404877956663 264
265 300.3457500121791 265
266 300.3510053773918 266
267 300.3562539266775 267
268 300.3614956951062 268
269 300.3667307174347 269
270 300.3719590281125 270
271 300.3771806612884 271
272 300.3823956508187 272
273 300.3876040302609 273
274 300.3928058328843 274
275 300.3980010916708 275
276 300.4031898393191 276
277 300.4083721082482 277
278 300.4135479306048 278
279 300.418717338253 279
280 300.4238803628003 280
281 300.4290370355762 281
282 300.434187387654 282
283 300.4393314498427 283
284 300.4444692526974 284
285 300.4496008265174 285
286 300.4547262013548 286
287 300.4598454070031 287
288 300.464958473025 288
289 300.4700654287299 289
290 300.4751663031944 290
291 300.4802611252533 291
292 300.4853499235107 292
293 300.4904327263392 293
294 300.4955095618815 294
295 300.5005804580545 295
296 300.5056454425536 296
297 300.5107045428484 297
298 300.5157577861978 298
299 300.5208051996365 299
300 300.5258468099933 300
301 300.5308826438787 301
302 300.535912727699 302
303 300.5409370876528 303
304 300.5459557497356 304
305 300.5509687397387 305
306 300.555976083255 306
307 300.5609778056796 307
308 300.5659739322139 308
309 300.5709644878626 309
310 300.575949497444 310
311 300.5809289855836 311
312 300.5859029767208 312
313 300.5908714951081 313
314 300.5958345648204 314
315 300.6007922097489 315
316 300.6057444535985 316
317 300.6106913199108 317
318 300.6156328320399 318
319 300.6205690131734 319
320 300.625499886326 320
321 300.6304254743411 321
322 300.6353457998899 322
323 300.64026088549 323
324 300.6451707534799 324
325 300.6500754260434 325
326 300.6549749252018 326
327 300.6598692728168 327
328 300.6647584905903 328
329 300.6696426000673 329
330 300.6745216226461 330
331 300.6793955795611 331
332 300.6842644919004 332
333 300.6891283806024 333
334 300.693987266457 334
335 300.6988411701055 335
336 300.7036901120429 336
337 300.708534112625 337
338 300.7133731920576 338
339 300.7182073704121 339
340 300.7230366676163 340
341 300.7278611034604 341
342 300.7326806975967 342
343 300.737495469542 343
344 300.7423054386826 344
345 300.7471106242661 345
346 300.7519110454104 346
347 300.7567067211029 347
348 300.7614976702016 348
349 300.7662839114381 349
350 300.7710654634121 350
351 300.7758423446073 351
352 300.7806145733733 352
353 300.7853821679396 353
354 300.790145146418 354
355 300.794903526793 355
356 300.7996573269338 356
357 300.8044065645911 357
358 300.8091512573947 358
359 300.8138914228587 359
360 300.8186270783834 360
361 300.8233582412584 361
362 300.8280849286527 362
363 300.8328071576302 363
364 300.8375249451362 364
365 300.8422383080145 365
366 300.8469472629943 366
367 300.8516518267 367
368 300.856352015644 368
369 300.8610478462356 369
370 300.865739334785 370
371 300.8704264974894 371
372 300.8751093504432 372
373 300.8797879096454 373
374 300.8844621909884 374
375 300.8891322102668 375
376 300.8937979831724 376
377 300.8984595253037 377
378 300.9031168521556 378
379 300.9077699791281 379
380 300.9124189215281 380
381 300.9170636945637 381
382 300.921704313351 382
383 300.9263407929125 383
384 300.9309731481765 384
385 300.9356013939784 385
386 300.9402255450676 386
387 300.9448456160971 387
388 300.949461621636 388
389 300.954073576159 389
390 300.9586814940616 390
391 300.9632853896388 391
392 300.967885277113 392
393 300.9724811706132 393
394 300.9770730841828 394
395 300.9816610317842 395
396 300.9862450272981 396
397 300.9908250845166 397
398 300.9954012171537 398
399 300.9999734388409 399
400 301.0045417631294 400
401 301.0091062034896 401
402 301.0136667733143 402
403 301.0182234859135 403
404 301.0227763545258 404
405 301.0273253923054 405
406 301.0318706123356 406
407 301.0364120276203 407
408 301.0409496510858 408
409 301.0454834955888 409
410 301.0500135739093 410
411 301.0545398987522 411
412 301.0590624827539 412
413 301.0635813384695 413
414 301.0680964783949 414
415 301.0726079149421 415
416 301.0771156604628 416
417 301.0816197272305 417
418 301.0861201274527 418
419 301.0906168732685 419
420 301.0951099767511 420
421 301.0995994498973 421
422 301.1040853046453 422
423 301.1085675528591 423
424 301.1130462063458 424
425 301.1175212768377 425
426 301.1219927760047 426
427 301.1264607154578 427
428 301.1309251067327 428
429 301.1353859613113 429
430 301.1398432906052 430
431 301.1442971059702 431
432 301.1487474186946 432
433 301.1531942400032 433
434 301.1576375810684 434
435 301.1620774529958 435
436 301.1665138668277 436
437 301.1709468335501 437
438 301.1753763640949 438
439 301.1798024693235 439
440 301.1842251600501 440
441 301.1886444470206 441
442 301.1930603409323 442
443 301.1974728524219 443
444 301.201881992067 444
445 301.2062877703933 445
446 301.2106901978648 446
447 301.2150892848986 447
448 301.2194850418486 448
449 301.2238774790175 449
450 301.2282666066548 450
451 301.2326524349538 451
452 301.2370349740531 452
453 301.2414142340466 453
454 301.2457902249661 454
455 301.2501629567982 455
456 301.2545324394687 456
457 301.2588986828653 457
458 301.2632616968079 458
459 301.267621491083 459
460 301.2719780754148 460
461 301.2763314594791 461
462 301.2806816529083 462
463 301.2850286652802 463
464 301.2893725061266 464
465 301.2937131849254 465
466 301.2980507111147 466
467 301.3023850940783 467
468 301.3067163431563 468
469 301.3110444676353 469
470 301.3153694767652 470
471 301.3196913797403 471
472 301.3240101857132 472
473 301.328325903794 473
474 301.3326385430373 474
475 301.3369481124624 475
476 301.3412546210389 476
477 301.345558077692 477
478 301.3498584913058 478
479 301.354155870716 479
480 301.3584502247196 480
481 301.3627415620647 481
482 301.3670298914623 482
483 301.3713152215793 483
484 301.3755975610309 484
485 301.3798769184104 485
486 301.3841533022452 486
487 301.3884267210411 487
488 301.3926971832529 488
489 301.3969646972951 489
490 301.4012292715421 490
491 301.4054909143296 491
492 301.4097496339546 492
493 301.414005438666 493
494 301.4182583366848 494
495 301.4225083361841 495
496 301.4267554453027 496
497 301.4309996721344 497
498 301.4352410247437 498
499 301.4394795111502 499
500 301.4437151393382 500
501 301.4479479172546 501
502 301.452177852803 502
503 301.4564049538591 503
504 301.4606292282564 504
505 301.4648506837901 505
506 301.4690693282238 506
507 301.4732851692812 507
508 301.4774982146495 508
509 301.4817084719831 509
510 301.4859159489011 510
511 301.4901206529834 511
512 301.4943225917804 512
513 301.4985217728001 513
514 301.5027182035226 514
515 301.5069118913925 515
516 301.5111028438185 516
517 301.5152910681729 517
518 301.519476571802 518
519 301.5236593620111 519
520 301.5278394460763 520
521 301.5320168312376 521
522 301.5361915247086 522
523 301.5403635336588 523
524 301.544532865239 524
525 301.5486995265598 525
526 301.5528635246972 526
527 301.5570248667028 527
528 301.5611835595912 528
529 301.5653396103489 529
530 301.5694930259289 530
531 301.5736438132544 531
532 301.5777919792189 532
533 301.58193753068 533
534 301.5860804744743 534
535 301.5902208173971 535
536 301.5943585662254 536
537 301.5984937276934 537
538 301.6026263085168 538
539 301.6067563153771 539
540 301.6108837549276 540
541 301.6150086337893 541
542 301.6191309585594 542
543 301.623250735801 543
544 301.6273679720534 544
545 301.6314826738255 545
546 301.6355948475965 546
547 301.6397044998229 547
548 301.6438116369247 548
549 301.6479162652989 549
550 301.6520183913214 550
551 301.6561180213274 551
552 301.6602151616349 552
553 301.6643098185311 553
554 301.6684019982787 554
555 301.6724917071145 555
556 301.6765789512396 556
557 301.6806637368393 557
558 301.6847460700685 558
559 301.6888259570545 559
560 301.692903403906 560
561 301.6969784166959 561
562 301.7010510014775 562
563 301.7051211642779 563
564 301.7091889110962 564
565 301.713254247913 565
566 301.7173171806739 566
567 301.7213777153075 567
568 301.725435857716 568
569 301.7294916137756 569
570 301.7335449893413 570
571 301.7375959902377 571
572 301.7416446222738 572
573 301.7456908912226 573
574 301.7497348028467 574
575 301.7537763628763 575
576 301.7578155770223 576
577 301.7618524509684 577
578 301.7658869903771 578
579 301.7699192008903 579
580 301.7739490881222 580
581 301.7779766576651 581
582 301.7820019150921 582
583 301.7860248659475 583
584 301.7900455157631 584
585 301.7940638700362 585
586 301.79807993425 586
587 301.8020937138627 587
588 301.8061052143124 588
589 301.810114441015 589
590 301.8141213993597 590
591 301.8181260947209 591
592 301.822128532449 592
593 301.8261287178694 593
594 301.8301266562932 594
595 301.8341223530066 595
596 301.8381158132757 596
597 301.8421070423425 597
598 301.8460960454324 598
599 301.8500828277459 599
600 301.8540673944706 600
601 301.858049750764 601
602 301.8620299017706 602
603 301.8660078526103 603
604 301.8699836083854 604
605 301.8739571741775 605
606 301.8779285550481 606
607 301.8818977560388 607
608 301.8858647821761 608
609 301.8898296384547 609
610 301.8937923298654 610
611 301.8977528613692 611
612 301.9017112379115 612
613 301.9056674644145 613
614 301.9096215457898 614
615 301.9135734869257 615
616 301.917523292685 616
617 301.9214709679259 617
618 301.9254166658247 618
619 301.9293772539286 619
620 301.9333628784808 620
621 301.9373688971867 621
622 301.9414121224561 622
623 301.945494753809 623
624 301.949641691532 624
625 301.9538448965367 625
626 301.9580916852833 626
627 301.9623739121424 627
628 301.9666828831062 628
629 301.9710208751679 629
630 301.9753800321842 630
631 301.9797627682497 631
632 301.9841653561317 632
633 301.9885862454047 633
634 301.9930241011544 634
635 301.9974773239056 635
636 302.0019458251266 636
637 302.0064334657866 637
638 302.010933004382 638
639 302.0154412815875 639
640 302.0199588069483 640
641 302.0244908203011 641
642 302.0290395834845 642
643 302.0336037030291 643
644 302.0381815383784 644
645 302.0427680048654 645
646 302.047362515506 646
647 302.0519651480656 647
648 302.0565775791608 648
649 302.0612026921342 649
650 302.0658378885932 650
651 302.0704810225178 651
652 302.0751345622451 652
653 302.079794429048 653
654 302.0844618037801 654
655 302.0891350202838 655
656 302.0938137522465 656
657 302.0984973252553 657
658 302.10318715186 658
659 302.1078885025413 659
660 302.1125968388195 660
661 302.117313895674 661
662 302.1220400096123 662
663 302.1267729992877 663
664 302.1315110760509 664
665 302.1362566808215 665
666 302.1410076369287 666
667 302.1457645520189 667
668 302.1505281389228 668
669 302.1552982817639 669
670 302.1600721418979 670
671 302.1648507268303 671
672 302.1696343042702 672
673 302.1744214166721 673
674 302.1792103153431 674
675 302.1840055751196 675
676 302.1888100391056 676
677 302.1936182413089 677
678 302.1984313977005 678
679 302.2032516425365 679
680 302.208076458694 680
681 302.2129068402837 681
682 302.2177404455391 682
683 302.222580430435 683
684 302.2274252384209 684
685 302.2322760752582 685
686 302.2371310687473 686
687 302.2419910922526 687
688 302.2468552379815 688
689 302.2517233473188 689
690 302.2565927058952 690
691 302.2614682252562 691
692 302.2663493085119 692
693 302.2712354918964 693
694 302.2761242684696 694
695 302.2810172611877 695
696 302.2859203220864 696
697 302.2908279356284 697
698 302.2957417416825 698
699 302.3006590837768 699
700 302.305574240089 700
701 302.3104920103007 701
702 302.3154116905012 702
703 302.320333218724 703
704 302.3252589131236 704
705 302.330188593977 705
706 302.335120887883 706
707 302.3400591158612 707
708 302.3449984743833 708
709 302.3499412794148 709
710 302.3548845013789 710
711 302.3598305518679 711
712 302.364784452039 712
713 302.3697423230583 713
714 302.3747011858052 714
715 302.3796625603197 715
716 302.384624822222 716
717 302.3895906413044 717
718 302.3945612991427 718
719 302.3995372239962 719
720 302.4045208677388 720
721 302.4095103124575 721
722 302.4145070052583 722
723 302.419509810589 723
724 302.424517240351 724
725 302.4295316737589 725
726 302.4345502631964 726
727 302.439574328239 727
728 302.4446053974266 728
729 302.4496436545743 729
730 302.4546876007707 730
731 302.4597362747938 731
732 302.4647939530485 732
733 302.4698558197925 733
734 302.4749162860803 734
735 302.4799848331644 735
736 302.4850552905214 736
737 302.4901314582323 737
738 302.4952093446911 738
739 302.500292660682 739
740 302.5053775135857 740
741 302.5104667826869 741
742 302.5155631378822 742
743 302.5206690084864 743
744 302.5257825903485 744
745 302.5309092841441 745
746 302.5360442178355 746
747 302.5411899843687 747
748 302.546344251576 748
749 302.5515065264379 749
750 302.5566754192409 750
751 302.5618501066942 751
752 302.5670318366505 752
753 302.5722209793902 753
754 302.5774127279074 754
755 302.582604833411 755
756 302.5878005122583 756
757 302.59299963504 757
758 302.5982028581296 758
759 302.6034109132826 759
760 302.6086200789062 760
761 302.6138325975999 761
762 302.6190487205076 762
763 302.6242753337175 763
764 302.6295116033978 764
765 302.6347537967514 765
766 302.6400038668482 766
767 302.6452610067691 767
768 302.6505289190699 768
769 302.6558070009083 769
770 302.6610949224929 770
771 302.6663913908109 771
772 302.671697316736 772
773 302.6770077775695 773
774 302.6823220493474 774
775 302.6876399046256 775
776 302.692958501533 776
777 302.6982783685531 777
778 302.7036005582596 778
779 302.7089292926252 779
780 302.7142644494696 780
781 302.7196019986769 781
782 302.7249439431819 782
783 302.7302888997299 783
784 302.7356357994451 784
785 302.7409880316408 785
786 302.7463455285662 786
787 302.7517066688284 787
788 302.757078757283 788
789 302.7624545545685 789
790 302.7678354233977 790
791 302.773222570364 791
792 302.7786172235785 792
793 302.7840216646513 793
794 302.7894362148624 794
795 302.7948623814713 795
796 302.8002984059842 796
797 302.805742830348 797
798 302.8111933205457 798
799 302.8166502488451 799
800 302.8221098831103 800
801 302.827575182594 801
802 302.833052212277 802
803 302.8385394834131 803
804 302.844031805415 804
805 302.8495276673892 805
806 302.855027681806 806
807 302.8605343554832 807
808 302.8660441997268 808
809 302.8715612872994 809
810 302.877088229961 810
811 302.8826189209088 811
812 302.8881613532546 812
813 302.893711712903 813
814 302.8992680638981 814
815 302.9048355746974 815
816 302.9104162383394 816
817 302.9160094810248 817
818 302.9216153210625 818
819 302.9272361221452 819
820 302.9328707495089 820
821 302.9385130900807 821
822 302.9441631428415 822
823 302.949825975203 823
824 302.9555009040275 824
825 302.9611908073827 825
826 302.9668940736918 826
827 302.9726051450733 827
828 302.9783275670322 828
829 302.9840626248053 829
830 302.9898139919144 830
831 302.9955782761106 831
832 303.001359418834 832
833 303.0071495866325 833
834 303.0129513853633 834
835 303.0187669887273 835
836 303.0245950554162 836
837 303.0304360958521 837
838 303.0362855552589 838
839 303.0421438673731 839
840 303.0480170847235 840
841 303.0539030288598 841
842 303.0597983985692 842
843 303.0657074701926 843
844 303.0716238058176 844
845 303.077554098318 845
846 303.0834980210897 846
847 303.0894599846279 847
848 303.0954401513168 848
849 303.1014446159982 849
850 303.1074685312323 850
851 303.1135092242179 851
852 303.1195711026934 852
853 303.1256521826359 853
854 303.1317551586241 854
855 303.1378748553703 855
856 303.1440154626858 856
857 303.1501760340571 857
858 303.1563678334397 858
859 303.1625864716254 859
860 303.1688294179831 860
861 303.1750939129696 861
862 303.1813823312179 862
863 303.1876944190234 863
864 303.1940369739474 864
865 303.2004048707299 865
866 303.2067935393774 866
867 303.2132021821682 867
868 303.219632633921 868
869 303.2260857072817 869
870 303.2325581703769 870
871 303.2390499570551 871
872 303.2455556473562 872
873 303.252077613031 873
874 303.2586193221937 874
875 303.2651769521258 875
876 303.2717524676386 876
877 303.2783448649307 877
878 303.2849587764402 878
879 303.2915949080066 879
880 303.2982555137907 880
881 303.3049328557632 881
882 303.3116262659728 882
883 303.3183333532635 883
884 303.3250577518135 884
885 303.3317965264756 885
886 303.3385471151582 886
887 303.3453085124412 887
888 303.3520795809142 888
889 303.3588610969454 889
890 303.3656520874355 890
891 303.372454258882 891
892 303.3792660725447 892
893 303.3860866296104 893
894 303.3929176915127 894
895 303.399761488277 895
896 303.4066163233007 896
897 303.4134808600417 897
898 303.4203547340388 898
899 303.4272391454834 899
900 303.4341337825819 900
901 303.44103609646 901
902 303.447946430664 902
903 303.4548621644948 903
904 303.461787662232 904
905 303.4687215138458 905
906 303.4756613961683 906
907 303.4826056648348 907
908 303.4895525401672 908
909 303.49650333604 909
910 303.5034547310192 910
911 303.5104106799851 911
912 303.5173667062425 912
913 303.5243242267738 913
914 303.5312835633875 914
915 303.5382448158337 915
916 303.545205584248 916
917 303.5521659455144 917
918 303.5591244313561 918
919 303.5660805315524 919
920 303.5730353651247 920
921 303.5799916003607 921
922 303.586944679833 922
923 303.5938974617374 923
924 303.6008518018908 924
925 303.6078060575712 925
926 303.6147624990748 926
927 303.6217176053211 927
928 303.6286789073083 928
929 303.6356443903096 929
930 303.6426114461935 930
931 303.6495813948933 931
932 303.656555210051 932
933 303.6635350689423 933
934 303.6705208313095 934
935 303.6775149465528 935
936 303.6845159154906 936
937 303.6915261408481 937
938 303.6985423034679 938
939 303.7055709311253 939
940 303.7126116390702 940
941 303.7196672275679 941
942 303.7267368394545 942
943 303.7338198509932 943
944 303.7409169617265 944
945 303.7480321768516 945
946 303.7551648353332 946
947 303.7623143346026 947
948 303.7694839015856 948
949 303.776675000578 949
950 303.783888990023 950
951 303.7911319640254 951
952 303.7983990920126 952
953 303.8056932142597 953
954 303.8130109011882 954
955 303.8203522718044 955
956 303.827715469074 956
957 303.8350981086071 957
958 303.8425002576213 958
959 303.849919874078 959
960 303.8573547276904 960
961 303.8648046451668 961
962 303.8722631705348 962
963 303.8797336427643 963
964 303.8872194908519 964
965 303.8947140292531 965
966 303.9022172417376 966
967 303.9097297110265 967
968 303.9172556323072 968
969 303.9247936909491 969
970 303.9323458343887 970
971 303.9399151038041 971
972 303.9474964407301 972
973 303.9550932447993 973
974 303.9627002940729 974
975 303.9703182605909 975
976 303.9779431495911 976
977 303.9855749670348 977
978 303.9932156731107 978
979 304.0008669633355 979
980 304.0085278060669 980
981 304.0161985050871 981
982 304.0238793752088 982
983 304.0315685756451 983
984 304.0392630711854 984
985 304.0469692495853 985
986 304.0546856784375 986
987 304.0624142368387 987
988 304.0701504474494 988
989 304.0778967741438 989
990 304.0856550890078 990
991 304.0934244058506 991
992 304.101206614496 992
993 304.1090042239587 993
994 304.1168115269204 994
995 304.1246338111288 995
996 304.1324700143746 996
997 304.1403182757597 997
998 304.148181305335 998
999 304.1560557064134 999
1000 304.1639439702719 1000
