"battery_max_temp-rfile"
"Time Step" "battery_max_temp etc.."
("Time Step" "battery_max_temp" "flow-time")
0 298.15 0
1 298.1931694514933 1
2 298.2334647619323 2
3 298.2706947689629 3
4 298.3050929974293 4
5 298.3356233999599 5
6 298.3640827658567 6
7 298.3906533834377 7
8 298.4155130211821 8
9 298.4388257773519 9
10 298.4607439369698 10
11 298.4814064506539 11
12 298.5009416038479 12
13 298.519462847695 13
14 298.5370733080367 14
15 298.5538642734696 15
16 298.5699164994602 16
17 298.5853050528498 17
18 298.6000926085331 18
19 298.6143370336027 19
20 298.6280893656232 20
21 298.6413948915979 21
22 298.6542948203708 22
23 298.6668251823738 23
24 298.6790175875283 24
25 298.6909011803891 25
26 298.702500860046 26
27 298.7138407370961 27
28 298.7249394472292 28
29 298.7386764979681 29
30 298.7523311715885 30
31 298.7658172874592 31
32 298.7791409707946 32
33 298.7923083293619 33
34 298.8053249621806 34
35 298.8181960786723 35
36 298.8309265692904 36
37 298.8435210521648 37
38 298.8559838681915 38
39 298.8683191227515 39
40 298.8805307031219 40
41 298.8926223032416 41
42 298.9045974304148 42
43 298.9164594204615 43
44 298.9282114498193 44
45 298.9398565627988 45
46 298.9513976544701 46
47 298.9628374996685 47
48 298.9741787491812 48
49 298.9854239462527 49
50 298.9965755298149 50
51 299.0076358407811 51
52 299.0186071282892 52
53 299.0294915531786 53
54 299.0402911946237 54
55 299.0510080539081 55
56 299.061644058611 56
57 299.0722010665564 57
58 299.0826808689447 58
59 299.0930851938871 59
60 299.1034157095226 60
61 299.1136740291936 61
62 299.1238617062433 62
63 299.1339802456064 63
64 299.144031102573 64
65 299.1540156851219 65
66 299.1639353560005 66
67 299.1737914347017 67
68 299.1835851993262 68
69 299.1933178883394 69
70 299.2029907022326 70
71 299.2126048050919 71
72 299.2221613260853 72
73 299.2316613608691 73
74 299.2411059729234 74
75 299.2504961948177 75
76 299.2598330294132 76
77 299.2691174510043 77
78 299.2783504064057 78
79 299.2875328159857 79
80 299.2966655746493 80
81 299.3057495527768 81
82 299.3147855971165 82
83 299.3237745316375 83
84 299.3327171583439 84
85 299.3416142580504 85
86 299.3504665911258 86
87 299.3592748982018 87
88 299.3680399008522 88
89 299.3767623022418 89
90 299.3854427877483 90
91 299.3940820255574 91
92 299.4026806672336 92
93 299.4112393482669 93
94 299.4197586885971 94
95 299.4282392931169 95
96 299.436681752155 96
97 299.4450866419392 97
98 299.453454525042 98
99 299.4617859508083 99
100 299.4700814557663 100
101 299.4783415640227 101
102 299.4865667876442 102
103 299.4947576270215 103
104 299.5029145712226 104
105 299.5110380983309 105
106 299.5191286757728 106
107 299.5271867606305 107
108 299.5352127999464 108
109 299.5432072310145 109
110 299.5511704816618 110
111 299.5591029705207 111
112 299.5670051072896 112
113 299.5748772929865 113
114 299.582719920193 114
115 299.5905333732895 115
116 299.5983180286826 116
117 299.6060742550248 117
118 299.6138024134269 118
119 299.6215028576625 119
120 299.6291759343669 120
121 299.6368219832285 121
122 299.6444413371731 122
123 299.6520343225451 123
124 299.6596012592793 124
125 299.6671424610683 125
126 299.6746582355271 126
127 299.6821488843474 127
128 299.6896147034523 128
129 299.6970559831416 129
130 299.7044730082358 130
131 299.7118660582138 131
132 299.7192354073474 132
133 299.7265813248307 133
134 299.7339040749055 134
135 299.7412039169847 135
136 299.7484811057692 136
137 299.7557358913635 137
138 299.7629685193863 138
139 299.7701792310795 139
140 299.7773682634121 140
141 299.7845358491821 141
142 299.7916822171156 142
143 299.7988075919619 143
144 299.8059121945871 144
145 299.8129962420645 145
146 299.820059947762 146
147 299.8271035214277 147
148 299.8341271692724 148
149 299.8411310940505 149
150 299.848115495138 150
151 299.8550805686085 151
152 299.8620265073068 152
153 299.8689535009221 153
154 299.8758617360567 154
155 299.8827513962932 155
156 299.8896226622634 156
157 299.89647571171 157
158 299.9033107195501 158
159 299.9101278579369 159
160 299.9169272963175 160
161 299.923709201492 161
162 299.9304737376689 162
163 299.9372210665202 163
164 299.9439513472341 164
165 299.9506647365679 165
166 299.9573613888978 166
167 299.9640414562676 167
168 299.9707050884387 168
169 299.9773524329344 169
170 299.983983635087 170
171 299.990598838082 171
172 299.9971981830008 172
173 300.0037818088638 173
174 300.0103498526704 174
175 300.0169024494404 175
176 300.023439732252 176
177 300.0299618322807 177
178 300.0364688788362 178
179 300.042960999399 179
180 300.0494383196553 180
181 300.0559009635323 181
182 300.0623490532316 182
183 300.0687827092619 183
184 300.0752020504714 184
185 300.0816071940793 185
186 300.0879982557066 186
187 300.0943753494051 187
188 300.1007385876882 188
189 300.1070880815576 189
190 300.113423940533 190
191 300.1197462726781 191
192 300.1260551846273 192
193 300.1323507816127 193
194 300.1386331674881 194
195 300.1449024447551 195
196 300.1511587145865 196
197 300.1574020768507 197
198 300.163632630134 198
199 300.1698504717643 199
200 300.1760556978326 200
201 300.182248403215 201
202 300.1884286815936 202
203 300.1945966254776 203
204 300.2007523262235 204
205 300.2068958740549 205
206 300.213027358081 206
207 300.2191468663176 207
208 300.2252544857045 208
209 300.2313503021231 209
210 300.2374344004151 210
211 300.2435068644001 211
212 300.2495677768917 212
213 300.2556172197152 213
214 300.2616552737234 214
215 300.2676820188123 215
216 300.2736975339379 216
217 300.2797018971305 217
218 300.2856951855098 218
219 300.2916774753004 219
220 300.2976488418456 220
221 300.3036093596216 221
222 300.3095591022515 222
223 300.3154981425189 223
224 300.3214265523809 224
225 300.3273444029813 225
226 300.3332517646635 226
227 300.3391487069832 227
228 300.3450352987198 228
229 300.3509116078897 229
230 300.3567777017565 230
231 300.3626336468442 231
232 300.3684795089478 232
233 300.3743153531439 233
234 300.3801412438024 234
235 300.3859572445974 235
236 300.3917634185162 236
237 300.3975598278713 237
238 300.4033465343096 238
239 300.4091235988222 239
240 300.414891081755 240
241 300.4206490428171 241
242 300.4263975410908 242
243 300.4321366350409 243
244 300.4378663825229 244
245 300.4435868407928 245
246 300.4492980665155 246
247 300.4550001157728 247
248 300.4606930440722 248
249 300.4663769063554 249
250 300.4720517570059 250
251 300.4777176498569 251
252 300.4833746381991 252
253 300.4890227747887 253
254 300.4946621118547 254
255 300.5002927011059 255
256 300.5059145937387 256
257 300.5115278404436 257
258 300.5171324914128 258
259 300.522728596347 259
260 300.5283162044612 260
261 300.5338953644927 261
262 300.5394661247066 262
263 300.5450285329023 263
264 300.5505826364208 264
265 300.5561284821493 265
266 300.5616661165283 266
267 300.5671955855572 267
268 300.5727169348003 268
269 300.5782302093929 269
270 300.5837354540458 270
271 300.5892327130524 271
272 300.5947220302934 272
273 300.6002034492417 273
274 300.6056770129687 274
275 300.6111427641486 275
276 300.6166007450643 276
277 300.622050997612 277
278 300.6274935633062 278
279 300.6329284832848 279
280 300.6383557983135 280
281 300.6437755487906 281
282 300.649187774752 282
283 300.6545925158754 283
284 300.659989811485 284
285 300.6653797005559 285
286 300.6707622217183 286
287 300.6761374132619 287
288 300.68150531314 288
289 300.6868659589739 289
290 300.6922193880566 290
291 300.6975656373573 291
292 300.7029047435248 292
293 300.7082367428917 293
294 300.7135616714784 294
295 300.7188795649966 295
296 300.7241904588527 296
297 300.7294943881525 297
298 300.7347913877039 298
299 300.7400814920204 299
300 300.7453647353252 300
301 300.7506411515543 301
302 300.7559107743596 302
303 300.7611736371126 303
304 300.7664297729083 304
305 300.7716792145669 305
306 300.7769219946381 306
307 300.7821581454043 307
308 300.7873876988829 308
309 300.7926106868304 309
310 300.7978271407443 310
311 300.8030370918667 311
312 300.8082405711874 312
313 300.8134376094462 313
314 300.8186282371361 314
315 300.8238124845058 315
316 300.828990381563 316
317 300.8341619580767 317
318 300.8393272435794 318
319 300.8444862673708 319
320 300.8496390585198 320
321 300.8547856458672 321
322 300.8599260580277 322
323 300.8650603233929 323
324 300.8701884701341 324
325 300.8753105262039 325
326 300.8804265193389 326
327 300.8855364770625 327
328 300.8906404266864 328
329 300.8957383953137 329
330 300.9008304098403 330
331 300.9059164969581 331
332 300.9109966831565 332
333 300.9160709947244 333
334 300.9211394577529 334
335 300.9262020981373 335
336 300.9312589415792 336
337 300.9363100135879 337
338 300.9413553394831 338
339 300.9463949443965 339
340 300.9514288532744 340
341 300.9564570908787 341
342 300.9614796817897 342
343 300.9664966504077 343
344 300.971508020954 344
345 300.976513817474 345
346 300.9815140638385 346
347 300.9865087837458 347
348 300.9914980007224 348
349 300.9964817381259 349
350 301.0014600191461 350
351 301.0064328668074 351
352 301.0114003039691 352
353 301.0163623533289 353
354 301.0213190374232 354
355 301.0262703786285 355
356 301.0312163991642 356
357 301.0361571210935 357
358 301.0410925663244 358
359 301.0460227566124 359
360 301.0509477135613 360
361 301.0558674586245 361
362 301.0607820131071 362
363 301.0656913981669 363
364 301.0705956348156 364
365 301.0754947439215 365
366 301.0803887462088 366
367 301.0852776622611 367
368 301.0901615125211 368
369 301.0950403172934 369
370 301.0999140967445 370
371 301.1047828709047 371
372 301.1096466596699 372
373 301.114505482802 373
374 301.1193593599305 374
375 301.1242083105543 375
376 301.1290523540418 376
377 301.1338915096331 377
378 301.1387257964409 378
379 301.1435552334515 379
380 301.1483798395262 380
381 301.1531996334027 381
382 301.1580146336952 382
383 301.162824858897 383
384 301.1676303273807 384
385 301.1724310573994 385
386 301.1772270670878 386
387 301.182018374464 387
388 301.186804997429 388
389 301.1915869537697 389
390 301.1963642611584 390
391 301.2011369371544 391
392 301.2059049992051 392
393 301.2106684646472 393
394 301.215427350707 394
395 301.2201816745019 395
396 301.2249314530417 396
397 301.2296767032284 397
398 301.2344174418585 398
399 301.2391536856233 399
400 301.2438854511095 400
401 301.2486127548006 401
402 301.2533356130781 402
403 301.2580540422216 403
404 301.2627680584101 404
405 301.267477677723 405
406 301.2721829161406 406
407 301.2768837895457 407
408 301.2815803137232 408
409 301.2862725043623 409
410 301.2909603770564 410
411 301.2956439473045 411
412 301.3003232305113 412
413 301.304998241989 413
414 301.3096689969571 414
415 301.3143355105439 415
416 301.3189977977867 416
417 301.3236558736331 417
418 301.3283097529415 418
419 301.3329594504818 419
420 301.3376049809365 420
421 301.342246358901 421
422 301.3468835988842 422
423 301.3515167153097 423
424 301.3561457225167 424
425 301.3607706347597 425
426 301.3653914662104 426
427 301.3700082309575 427
428 301.3746209430074 428
429 301.3792296162858 429
430 301.3838342646376 430
431 301.3884349018272 431
432 301.3930315415402 432
433 301.3976241973832 433
434 301.4022128828851 434
435 301.4067976114968 435
436 301.4113783965926 436
437 301.415955251471 437
438 301.4205281893545 438
439 301.425097223391 439
440 301.4296623666536 440
441 301.4342236321419 441
442 301.4387810327824 442
443 301.4433345814287 443
444 301.4478842908628 444
445 301.4524301737945 445
446 301.4569722428637 446
447 301.4615105106395 447
448 301.4660449896212 448
449 301.4705756922388 449
450 301.4751026308537 450
451 301.4796258177593 451
452 301.4841452651811 452
453 301.488660985278 453
454 301.4931729901418 454
455 301.4976812917986 455
456 301.5021859022087 456
457 301.5066868332675 457
458 301.5111840968059 458
459 301.5156777045906 459
460 301.520167668325 460
461 301.524653999649 461
462 301.5291367101406 462
463 301.5336158113151 463
464 301.5380913146265 464
465 301.5425632314671 465
466 301.5470315731692 466
467 301.5514963510045 467
468 301.5559575761848 468
469 301.5604152598626 469
470 301.5648694131321 470
471 301.5693200470279 471
472 301.5737671725273 472
473 301.57821080055 473
474 301.5826509419584 474
475 301.5870876075581 475
476 301.5915208080982 476
477 301.5959505542724 477
478 301.6003768567185 478
479 301.6047997260195 479
480 301.6092191727033 480
481 301.6136352072437 481
482 301.6180478400606 482
483 301.6224570815206 483
484 301.6268629419369 484
485 301.6312654315702 485
486 301.6356645606288 486
487 301.6400603392686 487
488 301.6444527775947 488
489 301.64884188566 489
490 301.6532276734677 490
491 301.6576101509694 491
492 301.6619893280674 492
493 301.6663652146134 493
494 301.6707378204105 494
495 301.6751071552127 495
496 301.6794732287241 496
497 301.683836050602 497
498 301.6881956304547 498
499 301.6925519778429 499
500 301.69690510228 500
501 301.7012550132322 501
502 301.70560172012 502
503 301.7099452323164 503
504 301.7142855591485 504
505 301.7186227098979 505
506 301.7229566938006 506
507 301.7272875200477 507
508 301.7316151977854 508
509 301.7359397361156 509
510 301.7402611440954 510
511 301.744579430739 511
512 301.7488946050162 512
513 301.7532066758538 513
514 301.7575156521356 514
515 301.7618215427029 515
516 301.7661243563543 516
517 301.7704241018463 517
518 301.7747207878941 518
519 301.7790144231706 519
520 301.7833050163077 520
521 301.7875925758968 521
522 301.7918771104877 522
523 301.7961586285905 523
524 301.8004371386747 524
525 301.8047126491703 525
526 301.8089851684675 526
527 301.8132547049166 527
528 301.8175212668297 528
529 301.8217848624792 529
530 301.8260455000994 530
531 301.8303031878864 531
532 301.8345579339978 532
533 301.8388097465534 533
534 301.8430586336355 534
535 301.8473046032893 535
536 301.8515476635226 536
537 301.8557878223063 537
538 301.8600250875749 538
539 301.8642594672266 539
540 301.8684909691228 540
541 301.8727196010898 541
542 301.8769453709179 542
543 301.8811682863619 543
544 301.8853883551412 544
545 301.8896055849406 545
546 301.8938199834099 546
547 301.8980315581642 547
548 301.9022403167848 548
549 301.9064462668183 549
550 301.9106494157777 550
551 301.9148497711423 551
552 301.9190473403577 552
553 301.9232421308365 553
554 301.9274341499586 554
555 301.9316234050703 555
556 301.9358099034857 556
557 301.9399936524865 557
558 301.9441746593221 558
559 301.9483529312096 559
560 301.9525284753346 560
561 301.9567012988512 561
562 301.9608714088819 562
563 301.9650388125179 563
564 301.9692035168194 564
565 301.9733655288155 565
566 301.9775248555055 566
567 301.9816815038573 567
568 301.9858354808089 568
569 301.9899867932683 569
570 301.9941354481132 570
571 301.9982814521919 571
572 302.0024248123233 572
573 302.0065655352967 573
574 302.0107036278721 574
575 302.0148390967808 575
576 302.0189719487249 576
577 302.0231021903782 577
578 302.0272298283857 578
579 302.0313548693643 579
580 302.0354773199027 580
581 302.0395971865617 581
582 302.043714475874 582
583 302.0478291943448 583
584 302.0519413484523 584
585 302.0560509446466 585
586 302.0601579893511 586
587 302.0642624889623 587
588 302.0683644498494 588
589 302.0724638783556 589
590 302.0765607807967 590
591 302.0806551634631 591
592 302.0847470326186 592
593 302.0888363945004 593
594 302.0929232553208 594
595 302.0970076212657 595
596 302.1010894984954 596
597 302.1051688931453 597
598 302.1092458113247 598
599 302.1133202591186 599
600 302.1173922425864 600
601 302.1214617677629 601
602 302.1255288406579 602
603 302.1295934672569 603
604 302.133655653521 604
605 302.1377154053873 605
606 302.1417727287675 606
607 302.145827629551 607
608 302.149880113602 608
609 302.1539301867617 609
610 302.1579778548473 610
611 302.1620231236527 611
612 302.1660659989486 612
613 302.170106486482 613
614 302.1741445919775 614
615 302.1781803211363 615
616 302.182213679637 616
617 302.1862446731354 617
618 302.1902736654423 618
619 302.1943396515894 619
620 302.19847105663 620
621 302.202658215949 621
622 302.2069397379372 622
623 302.2113227593885 623
624 302.2158626206727 624
625 302.2205428751784 625
626 302.2253319330366 626
627 302.2302036730898 627
628 302.2351342706475 628
629 302.240121298545 629
630 302.2451450595257 630
631 302.2502064122341 631
632 302.255294684261 632
633 302.2604072435346 633
634 302.2655386278676 634
635 302.2706857577148 635
636 302.275846175388 636
637 302.2810267697865 637
638 302.2862152636862 638
639 302.2914071196057 639
640 302.2966001554 640
641 302.3018033636933 641
642 302.3070214273342 642
643 302.3122528946448 643
644 302.3174969597859 644
645 302.3227446719829 645
646 302.3279943881882 646
647 302.3332454181105 647
648 302.3385017970477 648
649 302.3437669814833 649
650 302.349038083401 650
651 302.3543123320088 651
652 302.3595912993147 652
653 302.3648711131901 653
654 302.3701520566227 654
655 302.375432771748 655
656 302.3807130158739 656
657 302.3859906202675 657
658 302.3912676290543 658
659 302.3965523370442 659
660 302.4018401681693 660
661 302.4071326522742 661
662 302.4124323079457 662
663 302.4177349365555 663
664 302.4230383795906 664
665 302.4283455560376 665
666 302.433653001044 666
667 302.4389612168353 667
668 302.4442736128165 668
669 302.4495880293412 669
670 302.45490219227 670
671 302.4602158704452 671
672 302.4655295905579 672
673 302.4708416247398 673
674 302.4761497568708 674
675 302.4814610351236 675
676 302.4867778356655 676
677 302.4920946066288 677
678 302.4974131057222 678
679 302.5027360397527 679
680 302.50806005927 680
681 302.5133855864841 681
682 302.5187098323966 682
683 302.5240380414898 683
684 302.529367397969 684
685 302.5346991415231 685
686 302.5400328875949 686
687 302.5453677127575 687
688 302.5507032843437 688
689 302.5560394127402 689
690 302.5613731596336 690
691 302.5667101243438 691
692 302.5720501910276 692
693 302.5773918359619 693
694 302.5827323774546 694
695 302.5880742691168 695
696 302.5934236982043 696
697 302.5987745940247 697
698 302.6041301703557 698
699 302.6094885103639 699
700 302.6148410392418 700
701 302.6201925904184 701
702 302.6255424397245 702
703 302.6308912186664 703
704 302.6362406363569 704
705 302.6415910331785 705
706 302.646938898193 706
707 302.6522893374543 707
708 302.6576381900059 708
709 302.662988772906 709
710 302.6683362481463 710
711 302.6736836770489 711
712 302.6790349482517 712
713 302.6843876095095 713
714 302.6897386384188 714
715 302.6950899274032 715
716 302.7004382890527 716
717 302.7057879508862 717
718 302.7111399445461 718
719 302.7164935639895 719
720 302.7218529009714 720
721 302.7272137779232 721
722 302.7325794827487 722
723 302.7379492532564 723
724 302.7433227264919 724
725 302.7487015327903 725
726 302.754081511277 726
727 302.7594648553713 727
728 302.7648523045214 728
729 302.7702446653118 729
730 302.7756413561343 730
731 302.7810419035391 731
732 302.7864503667653 732
733 302.7918621142638 733
734 302.7972704732695 734
735 302.802684557315 735
736 302.8080990007606 736
737 302.813516581437 737
738 302.8189327566666 738
739 302.8243526146979 739
740 302.8297712257409 740
741 302.8351906705799 741
742 302.840614172276 742
743 302.8460415328322 743
744 302.8514734404516 744
745 302.8569153430092 745
746 302.8623634021281 746
747 302.8678205725419 747
748 302.873284922493 748
749 302.8787556981786 749
750 302.8842314359687 750
751 302.8897129634894 751
752 302.8952013683875 752
753 302.9006975789059 753
754 302.9061966836265 754
755 302.9116985268749 755
756 302.9172031537201 756
757 302.9227094857197 757
758 302.9282189149013 758
759 302.9337313015258 759
760 302.939243227356 760
761 302.9447560948792 761
762 302.9502707689904 762
763 302.9557910373039 763
764 302.9613168399488 764
765 302.9668450885532 765
766 302.9723777617494 766
767 302.9779151726501 767
768 302.9834591027012 768
769 302.9890113147317 769
770 302.9945715392108 770
771 303.0001379321812 771
772 303.0057126305843 772
773 303.0112922911487 773
774 303.016876454214 774
775 303.0224649927871 775
776 303.0280556626444 776
777 303.0336476046319 777
778 303.0392411708509 778
779 303.0448395194367 779
780 303.0504441365611 780
781 303.0560483348497 781
782 303.0616566105192 782
783 303.0672668175948 783
784 303.0728781665491 784
785 303.0784924734912 785
786 303.0841097758055 786
787 303.0897292235404 787
788 303.0953564511115 788
789 303.1009867946252 789
790 303.1066201810979 790
791 303.1122564132078 791
792 303.1178976660647 792
793 303.123546002673 793
794 303.1292014042423 794
795 303.1348648986523 795
796 303.140535946109 796
797 303.1462129196405 797
798 303.1518956138489 798
799 303.1575853179957 799
800 303.1632784452524 800
801 303.1689756523942 801
802 303.1746817837178 802
803 303.1803958179965 803
804 303.1861156834516 804
805 303.1918375615091 805
806 303.1975638760648 806
807 303.2032955585775 807
808 303.2090293988738 808
809 303.214768098943 809
810 303.2205119245944 810
811 303.2262578816222 811
812 303.2320109176267 812
813 303.2377698862416 813
814 303.2435324595386 814
815 303.2493018288894 815
816 303.2550796419127 816
817 303.2608653063799 817
818 303.2666578333219 818
819 303.2724600320005 819
820 303.278271573476 820
821 303.2840900213727 821
822 303.2899154784369 822
823 303.295749670646 823
824 303.301592801469 824
825 303.3074469816333 825
826 303.313312114946 826
827 303.31918413943 827
828 303.3250666944064 828
829 303.3309578210923 829
830 303.3368603592298 830
831 303.3427733228297 831
832 303.3487002654808 832
833 303.3546388247893 833
834 303.3605868960921 834
835 303.3665481509506 835
836 303.3725204825762 836
837 303.3785034033718 837
838 303.3844944094308 838
839 303.3904935852757 839
840 303.3965033280836 840
841 303.4025240654387 841
842 303.4085526309046 842
843 303.4145920731221 843
844 303.4206393670287 844
845 303.4266947658442 845
846 303.4327576426317 846
847 303.4388325566051 847
848 303.4449162545874 848
849 303.4510132021313 849
850 303.4571210918307 850
851 303.4632405797731 851
852 303.4693743593252 852
853 303.4755183672822 853
854 303.4816769273067 854
855 303.4878472957536 855
856 303.4940318206311 856
857 303.5002292909922 857
858 303.5064441673036 858
859 303.5126751140217 859
860 303.5189238204594 860
861 303.5251856909838 861
862 303.5314637221554 862
863 303.537756400312 863
864 303.5440646930095 864
865 303.5503891619659 865
866 303.5567283695701 866
867 303.5630824688897 867
868 303.5694529158549 868
869 303.5758378627989 869
870 303.582237284527 870
871 303.5886529933844 871
872 303.5950807595855 872
873 303.6015237891427 873
874 303.6079815781697 874
875 303.6144533976274 875
876 303.6209399486742 876
877 303.6274419883255 877
878 303.6339612923493 878
879 303.6404977393611 879
880 303.6470524806392 880
881 303.6536262838277 881
882 303.6602164411882 882
883 303.666821226292 883
884 303.6734439184292 884
885 303.6800835847973 885
886 303.6867398705437 886
887 303.6934136648171 887
888 303.7001037174975 888
889 303.7068114493669 889
890 303.7135353422483 890
891 303.7202754829546 891
892 303.7270320142383 892
893 303.7338043339712 893
894 303.7405923376626 894
895 303.7473966278373 895
896 303.7542170933952 896
897 303.7610523040554 897
898 303.7679019588662 898
899 303.7747668817888 899
900 303.78164552058 900
901 303.7885377708204 901
902 303.7954433856409 902
903 303.802362238119 903
904 303.809294060194 904
905 303.8162378343965 905
906 303.8231916455209 906
907 303.8301527428928 907
908 303.8371222172023 908
909 303.8440995609566 909
910 303.8510834623149 910
911 303.8580763931971 911
912 303.8650730368209 912
913 303.8720739900318 913
914 303.8790793617453 914
915 303.8860898467018 915
916 303.8931013833013 916
917 303.9001152411888 917
918 303.9071308236963 918
919 303.9141472969288 919
920 303.9211643693824 920
921 303.9281825969101 921
922 303.9352003027006 922
923 303.9422188560878 923
924 303.949239635283 924
925 303.9562593166891 925
926 303.9632809495036 926
927 303.9703009237872 927
928 303.9773241984363 928
929 303.984348236522 929
930 303.9913733613776 930
931 303.9984009601425 931
932 304.0054305769565 932
933 304.0124635388144 933
934 304.0194999513759 934
935 304.0265409909219 935
936 304.0335864432062 936
937 304.0406373905113 937
938 304.0476928785323 938
939 304.0547556418165 939
940 304.0618254293417 940
941 304.0689041941404 941
942 304.07599179814 942
943 304.0830908922371 943
944 304.0901988682722 944
945 304.0973159528526 945
946 304.1044447097049 946
947 304.1115863677902 947
948 304.1187417259448 948
949 304.1259112037254 949
950 304.133093586962 950
951 304.1402930219321 951
952 304.1475092806693 952
953 304.1547438648403 953
954 304.1619964232328 954
955 304.1692666970815 955
956 304.1765543584547 956
957 304.18385794282 957
958 304.1911773761082 958
959 304.1985118444604 959
960 304.2058622039152 960
961 304.2132258319736 961
962 304.2205993636221 962
963 304.2279862660484 963
964 304.235385050208 964
965 304.2427917614112 965
966 304.2502091212293 966
967 304.2576344364273 967
968 304.2650708893552 968
969 304.2725161216358 969
970 304.2799705972226 970
971 304.287433299526 971
972 304.2949052811334 972
973 304.3023874477984 973
974 304.3098791599768 974
975 304.3173804268593 975
976 304.3248912570322 976
977 304.3324109001243 977
978 304.3399394651168 978
979 304.3474793308524 979
980 304.3550268229671 980
981 304.3625840951802 981
982 304.370151683657 982
983 304.3777275849994 983
984 304.3853120504182 984
985 304.392908860138 985
986 304.4005142238935 986
987 304.4081319763159 987
988 304.4157589871141 988
989 304.4233973090171 989
990 304.4310469294734 990
991 304.4387076943223 991
992 304.4463798573031 992
993 304.454066005164 993
994 304.461762262776 994
995 304.4694728762771 995
996 304.4771959942628 996
997 304.4849298098894 997
998 304.4926771014223 998
999 304.500437108067 999
1000 304.5082118732471 1000
